// Jest Snapshot v1, https://goo.gl/fbAQLP

exports[`GET /?tex=x^2 catches error 1`] = `[Error: cannot GET /?tex=x%5E2 (500)]`;
